// Jest Snapshot v1, https://goo.gl/fbAQLP

exports[`Pruebas en el About view debe de remderizar el componente 1`] = `
<div class="about">
  <h1>This is an about page</h1>
</div>
`;
